[html.rometheme.pro/magicom/index.html]
[html.rometheme.pro/magicom/css/vendor/bootstrap.min.css]
[html.rometheme.pro/magicom/css/vendor/fontawesome.css]
[html.rometheme.pro/magicom/css/vendor/brands.css]
[html.rometheme.pro/magicom/css/vendor/regular.css]
[html.rometheme.pro/magicom/css/vendor/solid.css]
[html.rometheme.pro/magicom/css/vendor/swiper-bundle.min.css]
[backblue.gif]
[fade.gif]
[index.html]
[html.rometheme.pro/magicom/css/style.css]
[html.rometheme.pro/magicom/js/vendor/bootstrap.bundle.min.js]
[html.rometheme.pro/magicom/js/vendor/jquery.min.js]
[html.rometheme.pro/magicom/js/vendor/swiper-bundle.min.js]
[html.rometheme.pro/magicom/js/script.js]
[html.rometheme.pro/magicom/js/video_embedded.js]
[html.rometheme.pro/magicom/image/logo.png]
[html.rometheme.pro/magicom/index_2.html]
[html.rometheme.pro/magicom/index_3.html]
[html.rometheme.pro/magicom/about_club.html]
[html.rometheme.pro/magicom/about_me.html]
[html.rometheme.pro/magicom/gallery.html]
[html.rometheme.pro/magicom/blog.html]
[html.rometheme.pro/magicom/press.html]
[html.rometheme.pro/magicom/performance.html]
[html.rometheme.pro/magicom/schedule_1.html]
[html.rometheme.pro/magicom/schedule_2.html]
[html.rometheme.pro/magicom/schedule_3.html]
[html.rometheme.pro/magicom/contact.html]
[html.rometheme.pro/magicom/image/image2.jpg]
[html.rometheme.pro/magicom/image/bg-orname.jpg]
[html.rometheme.pro/magicom/image/image4.jpg]
[html.rometheme.pro/magicom/image/bar.jpg]
[html.rometheme.pro/magicom/image/image5.jpg]
[html.rometheme.pro/magicom/image/bg-orname-2.jpg]
[html.rometheme.pro/magicom/image/image1.jpg]
[html.rometheme.pro/magicom/image/image6.jpg]
[html.rometheme.pro/magicom/image/image3.jpg]
[html.rometheme.pro/magicom/image/image8.jpg]
[html.rometheme.pro/magicom/image/image7.jpg]
[html.rometheme.pro/magicom/image/image9.jpg]
[html.rometheme.pro/magicom/image/image10.jpg]
[html.rometheme.pro/magicom/image/image11.jpg]
[html.rometheme.pro/magicom/image/image12.jpg]
[html.rometheme.pro/magicom/image/badge3.png]
[html.rometheme.pro/magicom/image/badge1.png]
[html.rometheme.pro/magicom/image/badge2.png]
[html.rometheme.pro/magicom/index.html]
[html.rometheme.pro/magicom/single_post.html]
[html.rometheme.pro/magicom/css/vendor/bootstrap.min.css]
[html.rometheme.pro/magicom/css/vendor/fontawesome.css]
[html.rometheme.pro/magicom/font/fa-brands-400.woff2]
[html.rometheme.pro/magicom/css/vendor/brands.css]
[html.rometheme.pro/magicom/font/fa-brands-400.ttf]
[html.rometheme.pro/magicom/font/fa-regular-400.woff2]
[html.rometheme.pro/magicom/css/vendor/regular.css]
[html.rometheme.pro/magicom/font/fa-regular-400.ttf]
[html.rometheme.pro/magicom/font/fa-solid-900.woff2]
[html.rometheme.pro/magicom/css/vendor/solid.css]
[html.rometheme.pro/magicom/css/vendor/swiper-bundle.min.css]
[html.rometheme.pro/magicom/css/style.css]
[html.rometheme.pro/magicom/font/fa-solid-900.ttf]
[html.rometheme.pro/magicom/image/image13.jpg]
[html.rometheme.pro/magicom/image/image14.jpg]
[html.rometheme.pro/magicom/image/image15.jpg]
[html.rometheme.pro/magicom/image/bg-orname-3.jpg]
[html.rometheme.pro/magicom/image/image16.jpg]
[html.rometheme.pro/magicom/index_2.html]
[html.rometheme.pro/magicom/index_3.html]
[html.rometheme.pro/magicom/about_club.html]
[html.rometheme.pro/magicom/about_me.html]
[html.rometheme.pro/magicom/gallery.html]
[html.rometheme.pro/magicom/blog.html]
[html.rometheme.pro/magicom/press.html]
[html.rometheme.pro/magicom/performance.html]
[html.rometheme.pro/magicom/schedule_1.html]
[html.rometheme.pro/magicom/schedule_2.html]
[html.rometheme.pro/magicom/schedule_3.html]
[html.rometheme.pro/magicom/js/submit-form.js]
[html.rometheme.pro/magicom/contact.html]
[html.rometheme.pro/magicom/single_post.html]
